// Jest Snapshot v1, https://goo.gl/fbAQLP

exports[`Nav component matches snapshot 1`] = `
<DocumentFragment>
  <header>
    <h2>
      <a
        href="/"
      >
        <span
          aria-label="waving hand"
          role="img"
        >
           ðŸ‘‹ 
        </span>
         It's Will!
      </a>
    </h2>
    <nav>
      <ul
        class="flex-row"
      >
        <li
          class="mx-2"
        >
          <a
            href="#about"
          >
            About me
          </a>
        </li>
        <li>
          <span>
            Contact
          </span>
        </li>
        <li
          class="mx-1"
        >
          <span>
            front-end
          </span>
        </li>
        <li
          class="mx-1"
        >
          <span>
            back-end
          </span>
        </li>
        <li
          class="mx-1"
        >
          <span>
            social-media
          </span>
        </li>
        <li
          class="mx-1"
        >
          <span>
            podcasting
          </span>
        </li>
      </ul>
    </nav>
  </header>
</DocumentFragment>
`;
